// Jest Snapshot v1, https://goo.gl/fbAQLP

exports[`Pruebas del componente TodoItem Debe hacer match con el snapshot 1`] = `
<li
  className="flex justify-between items-center mt-2 w-1/2 p-3 rounded-md cursor-pointer box-content  false false"
  key="2"
  onClick={[Function]}
>
  <p>
    Aprender Mongo
  </p>
  <button
    className="py-1 px-2 rounded-md bg-red-600 font-bold text-white focus:outline-none"
    onClick={[Function]}
  >
    <svg
      className="w-6 h-6"
      fill="none"
      stroke="currentColor"
      viewBox="0 0 24 24"
      xmlns="http://www.w3.org/2000/svg"
    >
      <path
        d="M19 7l-.867 12.142A2 2 0 0116.138 21H7.862a2 2 0 01-1.995-1.858L5 7m5 4v6m4-6v6m1-10V4a1 1 0 00-1-1h-4a1 1 0 00-1 1v3M4 7h16"
        strokeLinecap="round"
        strokeLinejoin="round"
        strokeWidth={2}
      />
    </svg>
  </button>
</li>
`;
