// Jest Snapshot v1, https://goo.gl/fbAQLP

exports[`Pruebas en componente todoApp Debe de mostrarse correctmanete 1`] = `
<div
  className="p-20"
>
  <p
    className="flex gap-2 items-center text-gray-700 mb-4"
  >
    <svg
      className="w-6 h-6 "
      fill="none"
      stroke="currentColor"
      viewBox="0 0 24 24"
      xmlns="http://www.w3.org/2000/svg"
    >
      <path
        d="M4 6a2 2 0 012-2h2a2 2 0 012 2v2a2 2 0 01-2 2H6a2 2 0 01-2-2V6zM14 6a2 2 0 012-2h2a2 2 0 012 2v2a2 2 0 01-2 2h-2a2 2 0 01-2-2V6zM4 16a2 2 0 012-2h2a2 2 0 012 2v2a2 2 0 01-2 2H6a2 2 0 01-2-2v-2zM14 16a2 2 0 012-2h2a2 2 0 012 2v2a2 2 0 01-2 2h-2a2 2 0 01-2-2v-2z"
        strokeLinecap="round"
        strokeLinejoin="round"
        strokeWidth={2}
      />
    </svg>
    <span
      className="text-lg font-bold"
    >
      todo app 
      0
    </span>
  </p>
  <hr
    className="w-1/2"
  />
  <TodoAdd
    handleAdd={[Function]}
  />
  <TodoList
    handleDelete={[Function]}
    handleToggle={[Function]}
    todos={Array []}
  />
</div>
`;
